 
****************************************
Report : hierarchy
Design : dw_fp_mac
Version: O-2018.06-SP1
Date   : Tue Sep 26 16:23:19 2023
****************************************

Attributes:
    r - licensed design

dw_fp_mac          r
    ADDFHX1           slow
    ADDFHX2           slow
    ADDFHX4           slow
    ADDFX2            slow
    ADDFXL            slow
    ADDHX2            slow
    ADDHX4            slow
    ADDHXL            slow
    AND2X1            slow
    AND2X2            slow
    AND2X4            slow
    AND2XL            slow
    AND3X2            slow
    AND3X4            slow
    AND4X2            slow
    AND4X4            slow
    AOI2BB1X1         slow
    AOI2BB1X2         slow
    AOI2BB1X4         slow
    AOI2BB1XL         slow
    AOI2BB2X1         slow
    AOI2BB2X2         slow
    AOI2BB2X4         slow
    AOI2BB2XL         slow
    AOI21X1           slow
    AOI21X2           slow
    AOI21X4           slow
    AOI21XL           slow
    AOI22X1           slow
    AOI22X2           slow
    AOI22X4           slow
    AOI22XL           slow
    AOI31X1           slow
    AOI31X2           slow
    BUFX1             slow
    BUFX2             slow
    BUFX3             slow
    BUFX4             slow
    BUFX8             slow
    BUFX12            slow
    BUFX16            slow
    BUFX20            slow
    BUFXL             slow
    CLKBUFX3          slow
    CLKBUFX8          slow
    CLKINVX2          slow
    CLKINVX3          slow
    CLKINVX4          slow
    CLKINVX8          slow
    CMPR22X1          slow
    CMPR32X1          slow
    INVX1             slow
    INVX2             slow
    INVX3             slow
    INVX4             slow
    INVX8             slow
    INVX12            slow
    INVX16            slow
    INVX20            slow
    INVXL             slow
    MX2X1             slow
    MX2X2             slow
    MX2X4             slow
    MX2XL             slow
    MXI2X1            slow
    MXI2X2            slow
    MXI2X4            slow
    NAND2BX1          slow
    NAND2BX2          slow
    NAND2BX4          slow
    NAND2BXL          slow
    NAND2X1           slow
    NAND2X2           slow
    NAND2X4           slow
    NAND2XL           slow
    NAND3BX1          slow
    NAND3BX2          slow
    NAND3BX4          slow
    NAND3BXL          slow
    NAND3X1           slow
    NAND3X2           slow
    NAND3X4           slow
    NAND3XL           slow
    NAND4BBX4         slow
    NAND4BX2          slow
    NAND4BX4          slow
    NAND4BXL          slow
    NAND4X1           slow
    NAND4X2           slow
    NAND4X4           slow
    NAND4XL           slow
    NOR2BX1           slow
    NOR2BX2           slow
    NOR2BX4           slow
    NOR2BXL           slow
    NOR2X1            slow
    NOR2X2            slow
    NOR2X4            slow
    NOR2XL            slow
    NOR3BX2           slow
    NOR3X1            slow
    NOR3X2            slow
    NOR4X1            slow
    NOR4X2            slow
    OAI2BB1X1         slow
    OAI2BB1X2         slow
    OAI2BB1X4         slow
    OAI2BB1XL         slow
    OAI2BB2X1         slow
    OAI21X1           slow
    OAI21X2           slow
    OAI21X4           slow
    OAI21XL           slow
    OAI22X1           slow
    OAI22X2           slow
    OAI22X4           slow
    OAI22XL           slow
    OAI211X1          slow
    OAI211X2          slow
    OAI211XL          slow
    OAI222X2          slow
    OR2X1             slow
    OR2X2             slow
    OR2X4             slow
    OR2XL             slow
    OR3XL             slow
    XNOR2X1           slow
    XNOR2X2           slow
    XNOR2X4           slow
    XNOR2XL           slow
    XNOR3X2           slow
    XNOR3X4           slow
    XOR2X1            slow
    XOR2X2            slow
    XOR2X4            slow
    XOR2XL            slow
    XOR3X2            slow
    XOR3X4            slow
1
